// Jest Snapshot v1, https://goo.gl/fbAQLP

exports[`CommentText initial state 1`] = `
<div
  className="Comment-text"
>
  <h1>
    Test
  </h1>
</div>
`;
